nohup: ignoring input
[reanudar] 79 celdas ya hechas en /home/fteran/autoencoders/data/combinado/combinado.jsonl
============================================================================================
COMBINADO | factorial 2x3: inicializacion x ruido de enmascaramiento
puntos=[('markov', 250), ('markov', 125), ('markov', 70), ('markov', 35), ('lowdim', 250), ('lowdim', 125), ('lowdim', 70), ('lowdim', 35), ('code', 250), ('code', 125), ('code', 70), ('code', 35), ('random', 250)]
arms=['ladder_random', 'stacked_rbm']  p=[0.0, 0.1, 0.25]  seeds=[0, 1, 2, 3]  -> 312 celdas  (~5.2 h)
PRIMARIA (confirmatoria): markov L=250  |  el resto es EXPLORATORIO
============================================================================================
[skip] markov seed=0: completo

[markov seed=1]  preentrenando RBM...
      RBM 500->250  err_recon=0.0237  (2s)
      RBM 250->125  err_recon=0.0461  (2s)
      RBM 125-> 70  err_recon=0.0642  (2s)
      RBM  70-> 35  err_recon=0.0855  (2s)
       L           init     p       BER    top90  tapados  @step
     250  ladder_random  0.10    0.0138   0.0016   0.0729  27750  (56s)
     250  ladder_random  0.25    0.0205   0.0032   0.0711  27750  (53s)
     250    stacked_rbm  0.00    0.0107   0.0011      nan  29250  (52s)
     250    stacked_rbm  0.10    0.0115   0.0015   0.0632  27750  (54s)
     250    stacked_rbm  0.25    0.0165   0.0030   0.0671  30000  (54s)
     125  ladder_random  0.00    0.0465   0.0180      nan  29250  (62s)
     125  ladder_random  0.10    0.0444   0.0158   0.0741  29250  (63s)
     125  ladder_random  0.25    0.0457   0.0162   0.0758  29250  (63s)
     125    stacked_rbm  0.00    0.0446   0.0177      nan   2250  (62s)
     125    stacked_rbm  0.10    0.0447   0.0166   0.0767   3750  (63s)
     125    stacked_rbm  0.25    0.0451   0.0170   0.0793   3750  (64s)
      70  ladder_random  0.00    0.0997   0.0644      nan  28500  (71s)
      70  ladder_random  0.10    0.0985   0.0634   0.1186  27750  (72s)
      70  ladder_random  0.25    0.1011   0.0669   0.1177  25500  (73s)
      70    stacked_rbm  0.00    0.0885   0.0589      nan    750  (71s)
      70    stacked_rbm  0.10    0.0887   0.0592   0.1084    750  (73s)
      70    stacked_rbm  0.25    0.0892   0.0595   0.1116    750  (72s)
      35  ladder_random  0.00    0.1961   0.1666      nan  28500  (80s)
      35  ladder_random  0.10    0.1974   0.1682   0.2129  30000  (81s)
      35  ladder_random  0.25    0.1912   0.1614   0.2032  27750  (80s)
      35    stacked_rbm  0.00    0.1798   0.1544      nan    750  (80s)
      35    stacked_rbm  0.10    0.1781   0.1488   0.1976  24000  (83s)
      35    stacked_rbm  0.25    0.1770   0.1516   0.1935    750  (82s)

[markov seed=2]  preentrenando RBM...
      RBM 500->250  err_recon=0.0236  (2s)
      RBM 250->125  err_recon=0.0460  (2s)
      RBM 125-> 70  err_recon=0.0659  (2s)
      RBM  70-> 35  err_recon=0.0824  (2s)
       L           init     p       BER    top90  tapados  @step
     250  ladder_random  0.00    0.0130   0.0014      nan  29250  (52s)
     250  ladder_random  0.10    0.0140   0.0016   0.0733  28500  (54s)
     250  ladder_random  0.25    0.0204   0.0032   0.0717  29250  (54s)
     250    stacked_rbm  0.00    0.0107   0.0011      nan  29250  (52s)
     250    stacked_rbm  0.10    0.0117   0.0016   0.0627  28500  (55s)
     250    stacked_rbm  0.25    0.0166   0.0031   0.0674  29250  (54s)
     125  ladder_random  0.00    0.0463   0.0178      nan  29250  (61s)
     125  ladder_random  0.10    0.0450   0.0158   0.0742  27750  (64s)
     125  ladder_random  0.25    0.0470   0.0164   0.0774  30000  (63s)
     125    stacked_rbm  0.00    0.0439   0.0171      nan   2250  (62s)
     125    stacked_rbm  0.10    0.0440   0.0171   0.0755   2250  (63s)
     125    stacked_rbm  0.25    0.0447   0.0177   0.0797   2250  (63s)
      70  ladder_random  0.00    0.1013   0.0650      nan  28500  (70s)
      70  ladder_random  0.10    0.0997   0.0642   0.1193  27000  (72s)
      70  ladder_random  0.25    0.0993   0.0650   0.1177  27750  (72s)
      70    stacked_rbm  0.00    0.0883   0.0586      nan    750  (70s)
      70    stacked_rbm  0.10    0.0883   0.0587   0.1076    750  (73s)
      70    stacked_rbm  0.25    0.0883   0.0587   0.1107    750  (72s)
      35  ladder_random  0.00    0.2008   0.1716      nan  28500  (80s)
      35  ladder_random  0.10    0.1939   0.1646   0.2103  28500  (82s)
      35  ladder_random  0.25    0.1779   0.1476   0.1902  29250  (82s)
      35    stacked_rbm  0.00    0.1755   0.1473      nan    750  (81s)
      35    stacked_rbm  0.10    0.1760   0.1479   0.1868    750  (81s)
      35    stacked_rbm  0.25    0.1711   0.1410   0.1922  29250  (81s)

[markov seed=3]  preentrenando RBM...
      RBM 500->250  err_recon=0.0244  (2s)
      RBM 250->125  err_recon=0.0465  (2s)
      RBM 125-> 70  err_recon=0.0651  (2s)
      RBM  70-> 35  err_recon=0.0831  (2s)
       L           init     p       BER    top90  tapados  @step
     250  ladder_random  0.00    0.0136   0.0016      nan  30000  (52s)
     250  ladder_random  0.10    0.0142   0.0017   0.0742  29250  (54s)
     250  ladder_random  0.25    0.0216   0.0034   0.0734  28500  (52s)
     250    stacked_rbm  0.00    0.0108   0.0011      nan  30000  (52s)
     250    stacked_rbm  0.10    0.0119   0.0017   0.0653  29250  (54s)
     250    stacked_rbm  0.25    0.0173   0.0032   0.0677  29250  (53s)
     125  ladder_random  0.00    0.0461   0.0179      nan  29250  (61s)
     125  ladder_random  0.10    0.0441   0.0159   0.0728  28500  (63s)
     125  ladder_random  0.25    0.0464   0.0161   0.0765  30000  (63s)
     125    stacked_rbm  0.00    0.0446   0.0176      nan   2250  (62s)
     125    stacked_rbm  0.10    0.0447   0.0176   0.0776   2250  (63s)
     125    stacked_rbm  0.25    0.0454   0.0182   0.0813   2250  (64s)
      70  ladder_random  0.00    0.1025   0.0660      nan  27750  (70s)
      70  ladder_random  0.10    0.1021   0.0660   0.1214  27750  (70s)
      70  ladder_random  0.25    0.1003   0.0658   0.1181  29250  (71s)
      70    stacked_rbm  0.00    0.0889   0.0590      nan    750  (70s)
      70    stacked_rbm  0.10    0.0890   0.0592   0.1092    750  (71s)
      70    stacked_rbm  0.25    0.0890   0.0591   0.1121    750  (72s)
      35  ladder_random  0.00    0.1930   0.1634      nan  28500  (79s)
      35  ladder_random  0.10    0.1939   0.1643   0.2101  29250  (82s)
      35  ladder_random  0.25    0.1818   0.1514   0.1935  27750  (81s)
      35    stacked_rbm  0.00    0.1762   0.1502      nan    750  (79s)
      35    stacked_rbm  0.10    0.1755   0.1494   0.1866    750  (80s)
      35    stacked_rbm  0.25    0.1737   0.1472   0.1874    750  (81s)
[skip] lowdim seed=0: completo

[lowdim seed=1]  preentrenando RBM...
      RBM 500->250  err_recon=0.0540  (2s)
      RBM 250->125  err_recon=0.0504  (2s)
      RBM 125-> 70  err_recon=0.0538  (2s)
      RBM  70-> 35  err_recon=0.0730  (2s)
       L           init     p       BER    top90  tapados  @step
     250  ladder_random  0.00    0.0384   0.0103      nan  28500  (52s)
     250  ladder_random  0.10    0.0348   0.0079   0.1134  27000  (54s)
     250  ladder_random  0.25    0.0398   0.0110   0.1075  29250  (54s)
     250    stacked_rbm  0.00    0.0365   0.0091      nan  28500  (52s)
     250    stacked_rbm  0.10    0.0345   0.0078   0.1132  30000  (54s)
     250    stacked_rbm  0.25    0.0401   0.0112   0.1077  28500  (54s)
     125  ladder_random  0.00    0.0822   0.0471      nan  30000  (61s)
     125  ladder_random  0.10    0.0822   0.0469   0.1218  28500  (63s)
     125  ladder_random  0.25    0.0812   0.0460   0.1276  27750  (63s)
     125    stacked_rbm  0.00    0.0716   0.0369      nan  30000  (62s)
     125    stacked_rbm  0.10    0.0713   0.0365   0.1183  27750  (63s)
     125    stacked_rbm  0.25    0.0772   0.0420   0.1245  29250  (63s)
      70  ladder_random  0.00    0.1383   0.1044      nan  29250  (68s)
      70  ladder_random  0.10    0.1395   0.1055   0.1678  30000  (71s)
      70  ladder_random  0.25    0.1422   0.1085   0.1759  28500  (72s)
      70    stacked_rbm  0.00    0.1149   0.0800      nan  29250  (71s)
      70    stacked_rbm  0.10    0.1138   0.0787   0.1468  29250  (72s)
      70    stacked_rbm  0.25    0.1161   0.0810   0.1520  28500  (71s)
      35  ladder_random  0.00    0.2522   0.2274      nan  29250  (79s)
      35  ladder_random  0.10    0.2445   0.2190   0.2633  30000  (81s)
      35  ladder_random  0.25    0.2525   0.2277   0.2693  30000  (80s)
      35    stacked_rbm  0.00    0.1905   0.1602      nan   5250  (79s)
      35    stacked_rbm  0.10    0.1899   0.1596   0.2154   5250  (81s)
      35    stacked_rbm  0.25    0.1891   0.1588   0.2220  25500  (82s)

[lowdim seed=2]  preentrenando RBM...
      RBM 500->250  err_recon=0.0528  (2s)
      RBM 250->125  err_recon=0.0515  (2s)
      RBM 125-> 70  err_recon=0.0516  (2s)
      RBM  70-> 35  err_recon=0.0736  (2s)
       L           init     p       BER    top90  tapados  @step
     250  ladder_random  0.00    0.0382   0.0102      nan  26250  (50s)
     250  ladder_random  0.10    0.0344   0.0076   0.1127  28500  (54s)
     250  ladder_random  0.25    0.0399   0.0110   0.1074  27000  (54s)
     250    stacked_rbm  0.00    0.0374   0.0096      nan  29250  (52s)
     250    stacked_rbm  0.10    0.0347   0.0078   0.1130  30000  (52s)
     250    stacked_rbm  0.25    0.0401   0.0111   0.1078  27750  (53s)
     125  ladder_random  0.00    0.0875   0.0523      nan  29250  (62s)
     125  ladder_random  0.10    0.0868   0.0513   0.1245  30000  (63s)
     125  ladder_random  0.25    0.0853   0.0499   0.1295  30000  (63s)
     125    stacked_rbm  0.00    0.0703   0.0355      nan  27750  (61s)
     125    stacked_rbm  0.10    0.0700   0.0355   0.1178  29250  (64s)
     125    stacked_rbm  0.25    0.0762   0.0412   0.1240  28500  (63s)
      70  ladder_random  0.00    0.1366   0.1025      nan  30000  (70s)
      70  ladder_random  0.10    0.1396   0.1057   0.1689  30000  (72s)
      70  ladder_random  0.25    0.1462   0.1126   0.1789  30000  (72s)
      70    stacked_rbm  0.00    0.1133   0.0782      nan  30000  (70s)
      70    stacked_rbm  0.10    0.1134   0.0783   0.1467  27000  (70s)
      70    stacked_rbm  0.25    0.1170   0.0820   0.1526  27750  (71s)
      35  ladder_random  0.00    0.2667   0.2433      nan  28500  (79s)
      35  ladder_random  0.10    0.2511   0.2263   0.2701  29250  (81s)
      35  ladder_random  0.25    0.2590   0.2348   0.2748  28500  (81s)
      35    stacked_rbm  0.00    0.1905   0.1603      nan   5250  (80s)
      35    stacked_rbm  0.10    0.1909   0.1607   0.2168   5250  (81s)
      35    stacked_rbm  0.25    0.1901   0.1599   0.2231  27750  (81s)

[lowdim seed=3]  preentrenando RBM...
      RBM 500->250  err_recon=0.0527  (2s)
      RBM 250->125  err_recon=0.0494  (2s)
      RBM 125-> 70  err_recon=0.0527  (2s)
      RBM  70-> 35  err_recon=0.0737  (2s)
       L           init     p       BER    top90  tapados  @step
     250  ladder_random  0.00    0.0386   0.0104      nan  29250  (51s)
     250  ladder_random  0.10    0.0348   0.0079   0.1138  28500  (54s)
     250  ladder_random  0.25    0.0400   0.0110   0.1079  26250  (53s)
     250    stacked_rbm  0.00    0.0368   0.0093      nan  30000  (52s)
     250    stacked_rbm  0.10    0.0344   0.0076   0.1126  29250  (54s)
     250    stacked_rbm  0.25    0.0400   0.0111   0.1086  27750  (53s)
     125  ladder_random  0.00    0.0846   0.0493      nan  30000  (61s)
     125  ladder_random  0.10    0.0837   0.0483   0.1230  28500  (63s)
     125  ladder_random  0.25    0.0816   0.0463   0.1282  29250  (63s)
     125    stacked_rbm  0.00    0.0704   0.0358      nan  27000  (61s)
     125    stacked_rbm  0.10    0.0705   0.0358   0.1183  28500  (63s)
     125    stacked_rbm  0.25    0.0767   0.0417   0.1247  29250  (64s)
      70  ladder_random  0.00    0.1348   0.1006      nan  29250  (69s)
      70  ladder_random  0.10    0.1444   0.1106   0.1732  29250  (71s)
      70  ladder_random  0.25    0.1391   0.1052   0.1730  30000  (71s)
      70    stacked_rbm  0.00    0.1146   0.0797      nan  29250  (70s)
      70    stacked_rbm  0.10    0.1142   0.0793   0.1471  28500  (72s)
      70    stacked_rbm  0.25    0.1161   0.0811   0.1529  29250  (72s)
      35  ladder_random  0.00    0.2668   0.2434      nan  29250  (79s)
      35  ladder_random  0.10    0.2513   0.2265   0.2689  29250  (81s)
      35  ladder_random  0.25    0.2465   0.2212   0.2643  29250  (81s)
      35    stacked_rbm  0.00    0.1897   0.1594      nan   5250  (78s)
      35    stacked_rbm  0.10    0.1901   0.1598   0.2160   5250  (81s)
      35    stacked_rbm  0.25    0.1883   0.1579   0.2211  28500  (80s)
[skip] code seed=0: completo

[code seed=1]  preentrenando RBM...
      RBM 500->250  err_recon=0.1764  (2s)
      RBM 250->125  err_recon=0.1386  (2s)
      RBM 125-> 70  err_recon=0.1087  (2s)
      RBM  70-> 35  err_recon=0.0748  (2s)
       L           init     p       BER    top90  tapados  @step
     250  ladder_random  0.00    0.2477   0.2227      nan   1500  (52s)
     250  ladder_random  0.10    0.2478   0.2228   0.4998   1500  (55s)
     250  ladder_random  0.25    0.2479   0.2229   0.5003   1500  (54s)
     250    stacked_rbm  0.00    0.2473   0.2195      nan  28500  (52s)
     250    stacked_rbm  0.10    0.2444   0.2165   0.4809  29250  (54s)
     250    stacked_rbm  0.25    0.2619   0.2357   0.4884  29250  (54s)
     125  ladder_random  0.00    0.3442   0.3283      nan   1500  (62s)
     125  ladder_random  0.10    0.3432   0.3271   0.4999   2250  (63s)
     125  ladder_random  0.25    0.3419   0.3257   0.4999   2250  (62s)
     125    stacked_rbm  0.00    0.3685   0.3538      nan  28500  (58s)
     125    stacked_rbm  0.10    0.3729   0.3588   0.4947  11250  (63s)
     125    stacked_rbm  0.25    0.3750   0.3612   0.4952  11250  (63s)
      70  ladder_random  0.00    0.4052   0.3952      nan   2250  (70s)
      70  ladder_random  0.10    0.4038   0.3940   0.4996   2250  (72s)
      70  ladder_random  0.25    0.4011   0.3907   0.4995   3000  (72s)
      70    stacked_rbm  0.00    0.4141   0.4047      nan   2250  (70s)
      70    stacked_rbm  0.10    0.4125   0.4028   0.4980   3000  (72s)
      70    stacked_rbm  0.25    0.4100   0.4002   0.4981   3750  (72s)
      35  ladder_random  0.00    0.4350   0.4283      nan  18000  (79s)
      35  ladder_random  0.10    0.4350   0.4282   0.4915  28500  (81s)
      35  ladder_random  0.25    0.4439   0.4380   0.4951  27000  (82s)
      35    stacked_rbm  0.00    0.4419   0.4355      nan   2250  (80s)
      35    stacked_rbm  0.10    0.4416   0.4352   0.4983   3000  (80s)
      35    stacked_rbm  0.25    0.4410   0.4346   0.4981   3750  (81s)

[code seed=2]  preentrenando RBM...
      RBM 500->250  err_recon=0.1757  (2s)
      RBM 250->125  err_recon=0.1388  (2s)
      RBM 125-> 70  err_recon=0.1058  (2s)
      RBM  70-> 35  err_recon=0.0683  (2s)
       L           init     p       BER    top90  tapados  @step
     250  ladder_random  0.00    0.2477   0.2227      nan   1500  (52s)
     250  ladder_random  0.10    0.2477   0.2227   0.4996   1500  (50s)
     250  ladder_random  0.25    0.2480   0.2229   0.5006   1500  (53s)
     250    stacked_rbm  0.00    0.2451   0.2170      nan  29250  (51s)
     250    stacked_rbm  0.10    0.2421   0.2140   0.4788  30000  (52s)
     250    stacked_rbm  0.25    0.2579   0.2314   0.4842  30000  (54s)
     125  ladder_random  0.00    0.3437   0.3277      nan   1500  (61s)
     125  ladder_random  0.10    0.3433   0.3272   0.5008   2250  (63s)
     125  ladder_random  0.25    0.3418   0.3255   0.4998   2250  (64s)
     125    stacked_rbm  0.00    0.3669   0.3521      nan   9750  (61s)
     125    stacked_rbm  0.10    0.3685   0.3540   0.4879  18000  (64s)
     125    stacked_rbm  0.25    0.3663   0.3515   0.4919  18750  (64s)
      70  ladder_random  0.00    0.4056   0.3959      nan   2250  (69s)
      70  ladder_random  0.10    0.4041   0.3941   0.4993   3000  (72s)
      70  ladder_random  0.25    0.3994   0.3891   0.5003   3000  (72s)
      70    stacked_rbm  0.00    0.4118   0.4022      nan   3000  (69s)
      70    stacked_rbm  0.10    0.4103   0.4004   0.4940   3000  (71s)
      70    stacked_rbm  0.25    0.4077   0.3977   0.4955   3750  (71s)
      35  ladder_random  0.00    0.4341   0.4271      nan  18000  (80s)
      35  ladder_random  0.10    0.4391   0.4327   0.4969  21750  (80s)
      35  ladder_random  0.25    0.4485   0.4431   0.5000   3000  (82s)
      35    stacked_rbm  0.00    0.4393   0.4326      nan   3750  (80s)
      35    stacked_rbm  0.10    0.4391   0.4324   0.4911   4500  (82s)
      35    stacked_rbm  0.25    0.4383   0.4315   0.4950   4500  (80s)

[code seed=3]  preentrenando RBM...
      RBM 500->250  err_recon=0.1768  (2s)
      RBM 250->125  err_recon=0.1396  (2s)
      RBM 125-> 70  err_recon=0.1102  (2s)
      RBM  70-> 35  err_recon=0.0746  (2s)
       L           init     p       BER    top90  tapados  @step
     250  ladder_random  0.00    0.2476   0.2225      nan   1500  (53s)
     250  ladder_random  0.10    0.2477   0.2226   0.5004   1500  (54s)
     250  ladder_random  0.25    0.2478   0.2227   0.4998   1500  (54s)
     250    stacked_rbm  0.00    0.2372   0.2085      nan  30000  (52s)
     250    stacked_rbm  0.10    0.2430   0.2149   0.4719  29250  (54s)
     250    stacked_rbm  0.25    0.2600   0.2335   0.4801  30000  (54s)
     125  ladder_random  0.00    0.3437   0.3277      nan   1500  (61s)
     125  ladder_random  0.10    0.3432   0.3270   0.4991   2250  (63s)
     125  ladder_random  0.25    0.3419   0.3256   0.4999   2250  (63s)
     125    stacked_rbm  0.00    0.3678   0.3532      nan  20250  (62s)
     125    stacked_rbm  0.10    0.3737   0.3597   0.4833  25500  (64s)
     125    stacked_rbm  0.25    0.3747   0.3609   0.4893  28500  (63s)
      70  ladder_random  0.00    0.4057   0.3960      nan   2250  (70s)
      70  ladder_random  0.10    0.4044   0.3945   0.4999   2250  (72s)
      70  ladder_random  0.25    0.4004   0.3901   0.4999   3000  (72s)
      70    stacked_rbm  0.00    0.4137   0.4043      nan   2250  (69s)
      70    stacked_rbm  0.10    0.4130   0.4036   0.5002   3000  (72s)
      70    stacked_rbm  0.25    0.4112   0.4015   0.4992   3000  (72s)
      35  ladder_random  0.00    0.4345   0.4277      nan  24750  (80s)
      35  ladder_random  0.10    0.4379   0.4313   0.4962  27750  (82s)
      35  ladder_random  0.25    0.4465   0.4410   0.4998   3000  (82s)
      35    stacked_rbm  0.00    0.4405   0.4340      nan   3000  (80s)
      35    stacked_rbm  0.10    0.4399   0.4334   0.5000   3000  (82s)
      35    stacked_rbm  0.25    0.4388   0.4323   0.4995   3750  (81s)
[skip] random seed=0: completo

[random seed=1]  preentrenando RBM...
      RBM 500->250  err_recon=0.1770  (2s)
      RBM 250->125  err_recon=0.1397  (2s)
      RBM 125-> 70  err_recon=0.1078  (2s)
      RBM  70-> 35  err_recon=0.0731  (2s)
       L           init     p       BER    top90  tapados  @step
     250  ladder_random  0.00    0.2478   0.2227      nan   1500  (52s)
     250  ladder_random  0.10    0.2478   0.2228   0.4999   1500  (54s)
     250  ladder_random  0.25    0.2480   0.2229   0.5002   1500  (54s)
     250    stacked_rbm  0.00    0.2597   0.2331      nan  30000  (53s)
     250    stacked_rbm  0.10    0.2632   0.2370   0.5005  30000  (54s)
     250    stacked_rbm  0.25    0.2661   0.2403   0.5002  30000  (55s)

[random seed=2]  preentrenando RBM...
      RBM 500->250  err_recon=0.1768  (2s)
      RBM 250->125  err_recon=0.1387  (2s)
      RBM 125-> 70  err_recon=0.1091  (2s)
      RBM  70-> 35  err_recon=0.0738  (2s)
       L           init     p       BER    top90  tapados  @step
     250  ladder_random  0.00    0.2478   0.2227      nan   1500  (53s)
     250  ladder_random  0.10    0.2477   0.2227   0.5006   1500  (54s)
     250  ladder_random  0.25    0.2479   0.2228   0.4998   1500  (54s)
     250    stacked_rbm  0.00    0.2572   0.2304      nan  27750  (53s)
     250    stacked_rbm  0.10    0.2612   0.2347   0.5002  29250  (54s)
     250    stacked_rbm  0.25    0.2648   0.2389   0.5001  28500  (54s)

[random seed=3]  preentrenando RBM...
      RBM 500->250  err_recon=0.1765  (2s)
      RBM 250->125  err_recon=0.1385  (2s)
      RBM 125-> 70  err_recon=0.1072  (2s)
      RBM  70-> 35  err_recon=0.0730  (2s)
       L           init     p       BER    top90  tapados  @step
     250  ladder_random  0.00    0.2479   0.2227      nan   1500  (52s)
     250  ladder_random  0.10    0.2478   0.2228   0.5009   1500  (54s)
     250  ladder_random  0.25    0.2479   0.2229   0.5001   1500  (54s)
     250    stacked_rbm  0.00    0.2563   0.2293      nan  30000  (53s)
     250    stacked_rbm  0.10    0.2604   0.2338   0.5004  29250  (54s)
     250    stacked_rbm  0.25    0.2612   0.2350   0.5003  29250  (54s)

============================================================================================
CONFIRMATORIO — hipotesis primaria registrada
============================================================================================
  markov L=250, referencia RBM sin ruido: 0.0203
     ladder_random p=0.0   0.0227 ± 0.0160  mejora sobre RBM en 0/4  cruza 1e-2 en 0/4
     ladder_random p=0.1   0.0237 ± 0.0168  mejora sobre RBM en 0/4  cruza 1e-2 en 0/4
     ladder_random p=0.25  0.0296 ± 0.0152  mejora sobre RBM en 0/4  cruza 1e-2 en 0/4
       stacked_rbm p=0.0   0.0203 ± 0.0165  mejora sobre RBM en 0/4  cruza 1e-2 en 0/4
       stacked_rbm p=0.1   0.0212 ± 0.0165  mejora sobre RBM en 0/4  cruza 1e-2 en 0/4
       stacked_rbm p=0.25  0.0255 ± 0.0151  mejora sobre RBM en 0/4  cruza 1e-2 en 0/4

  H1 (RBM+denoising no mejora sobre RBM solo): CONFIRMADA
  H2 (nada cruza 1e-2 con BER total): CONFIRMADA
  mejor condicion: stacked_rbm p=0.0 -> 0.0203

============================================================================================
EXPLORATORIO — genera hipotesis, NO las confirma
============================================================================================
fuente      L  solo RBM  solo ruido    ambos  suma esp.  interacc.  nota
Traceback (most recent call last):
  File "/home/fteran/autoencoders/code/combinado.py", line 276, in <module>
    main()
  File "/home/fteran/autoencoders/code/combinado.py", line 237, in main
    pbest = min([p for p in a.p if p > 0],
            ^^^^^^^^^^^^^^^^^^^^^^^^^^^^^^
  File "/home/fteran/autoencoders/code/combinado.py", line 238, in <lambda>
    key=lambda p: (cel(f, L, "ladder_random", p) or np.array([9])).mean())
                   ^^^^^^^^^^^^^^^^^^^^^^^^^^^^^^^^^^^^^^^^^^^^^^
ValueError: The truth value of an array with more than one element is ambiguous. Use a.any() or a.all()
