nohup: ignoring input
============================================================================================
COMBINADO | factorial 2x3: inicializacion x ruido de enmascaramiento
puntos=[('markov', 250), ('markov', 125), ('markov', 70), ('markov', 35), ('lowdim', 250), ('lowdim', 125), ('lowdim', 70), ('lowdim', 35), ('code', 250), ('code', 125), ('code', 70), ('code', 35), ('random', 250)]
arms=['ladder_random', 'stacked_rbm']  p=[0.0, 0.1, 0.25]  seeds=[0, 1, 2, 3]  -> 312 celdas  (~5.2 h)
PRIMARIA (confirmatoria): markov L=250  |  el resto es EXPLORATORIO
============================================================================================

[markov seed=0]  preentrenando RBM...
      RBM 500->250  err_recon=0.0247  (2s)
      RBM 250->125  err_recon=0.0469  (2s)
      RBM 125-> 70  err_recon=0.0668  (2s)
      RBM  70-> 35  err_recon=0.0852  (2s)
       L           init     p       BER    top90  tapados  @step
     250  ladder_random  0.00    0.0135   0.0015      nan  29250  (51s)
     250  ladder_random  0.10    0.0138   0.0016   0.0723  28500  (54s)
     250  ladder_random  0.25    0.0202   0.0032   0.0708  28500  (55s)
     250    stacked_rbm  0.00    0.0108   0.0011      nan  29250  (55s)
     250    stacked_rbm  0.10    0.0115   0.0016   0.0635  28500  (57s)
     250    stacked_rbm  0.25    0.0168   0.0032   0.0674  28500  (57s)
     125  ladder_random  0.00    0.0467   0.0182      nan  29250  (66s)
     125  ladder_random  0.10    0.0444   0.0160   0.0734  28500  (67s)
     125  ladder_random  0.25    0.0463   0.0166   0.0763  27000  (67s)
     125    stacked_rbm  0.00    0.0443   0.0176      nan   2250  (66s)
     125    stacked_rbm  0.10    0.0446   0.0175   0.0769   2250  (66s)
     125    stacked_rbm  0.25    0.0455   0.0184   0.0813   2250  (66s)
      70  ladder_random  0.00    0.1006   0.0651      nan  27000  (75s)
      70  ladder_random  0.10    0.1022   0.0657   0.1208  27000  (77s)
      70  ladder_random  0.25    0.0998   0.0649   0.1191  28500  (78s)
      70    stacked_rbm  0.00    0.0891   0.0593      nan    750  (76s)
      70    stacked_rbm  0.10    0.0891   0.0594   0.1088    750  (76s)
      70    stacked_rbm  0.25    0.0891   0.0594   0.1119    750  (75s)
      35  ladder_random  0.00    0.2019   0.1730      nan  29250  (86s)
      35  ladder_random  0.10    0.2017   0.1727   0.2167  29250  (86s)
      35  ladder_random  0.25    0.1785   0.1479   0.1881  27000  (81s)
      35    stacked_rbm  0.00    0.1719   0.1462      nan    750  (79s)
      35    stacked_rbm  0.10    0.1710   0.1453   0.1813    750  (80s)
      35    stacked_rbm  0.25    0.1733   0.1473   0.1875    750  (80s)

[markov seed=1]  preentrenando RBM...
      RBM 500->250  err_recon=0.0237  (2s)
      RBM 250->125  err_recon=0.0461  (2s)
      RBM 125-> 70  err_recon=0.0642  (2s)
      RBM  70-> 35  err_recon=0.0855  (2s)
       L           init     p       BER    top90  tapados  @step
     250  ladder_random  0.00    0.0140   0.0017      nan  29250  (51s)
     250  ladder_random  0.10    0.0138   0.0016   0.0729  27750  (53s)
     250  ladder_random  0.25    0.0205   0.0032   0.0711  27750  (53s)
     250    stacked_rbm  0.00    0.0107   0.0011      nan  29250  (49s)
     250    stacked_rbm  0.10    0.0115   0.0015   0.0632  27750  (53s)
     250    stacked_rbm  0.25    0.0165   0.0030   0.0671  30000  (54s)
     125  ladder_random  0.00    0.0465   0.0180      nan  29250  (60s)
     125  ladder_random  0.10    0.0444   0.0158   0.0741  29250  (62s)
     125  ladder_random  0.25    0.0457   0.0162   0.0758  29250  (63s)
     125    stacked_rbm  0.00    0.0446   0.0177      nan   2250  (61s)
     125    stacked_rbm  0.10    0.0447   0.0166   0.0767   3750  (63s)
     125    stacked_rbm  0.25    0.0451   0.0170   0.0793   3750  (63s)
      70  ladder_random  0.00    0.0997   0.0644      nan  28500  (69s)
      70  ladder_random  0.10    0.0985   0.0634   0.1186  27750  (71s)
      70  ladder_random  0.25    0.1011   0.0669   0.1177  25500  (71s)
      70    stacked_rbm  0.00    0.0885   0.0589      nan    750  (69s)
      70    stacked_rbm  0.10    0.0887   0.0592   0.1084    750  (71s)
      70    stacked_rbm  0.25    0.0892   0.0595   0.1116    750  (71s)
      35  ladder_random  0.00    0.1961   0.1666      nan  28500  (79s)
      35  ladder_random  0.10    0.1974   0.1682   0.2129  30000  (79s)
      35  ladder_random  0.25    0.1912   0.1614   0.2032  27750  (78s)
      35    stacked_rbm  0.00    0.1798   0.1544      nan    750  (79s)
      35    stacked_rbm  0.10    0.1781   0.1488   0.1976  24000  (79s)
      35    stacked_rbm  0.25    0.1770   0.1516   0.1935    750  (81s)

[markov seed=2]  preentrenando RBM...
      RBM 500->250  err_recon=0.0236  (2s)
      RBM 250->125  err_recon=0.0460  (2s)
      RBM 125-> 70  err_recon=0.0659  (2s)
      RBM  70-> 35  err_recon=0.0824  (2s)
       L           init     p       BER    top90  tapados  @step
     250  ladder_random  0.00    0.0130   0.0014      nan  29250  (51s)
     250  ladder_random  0.10    0.0140   0.0016   0.0733  28500  (53s)
     250  ladder_random  0.25    0.0204   0.0032   0.0717  29250  (53s)
     250    stacked_rbm  0.00    0.0107   0.0011      nan  29250  (49s)
     250    stacked_rbm  0.10    0.0117   0.0016   0.0627  28500  (54s)
     250    stacked_rbm  0.25    0.0166   0.0031   0.0674  29250  (53s)
     125  ladder_random  0.00    0.0463   0.0178      nan  29250  (61s)
     125  ladder_random  0.10    0.0450   0.0158   0.0742  27750  (62s)
     125  ladder_random  0.25    0.0470   0.0164   0.0774  30000  (62s)
     125    stacked_rbm  0.00    0.0439   0.0171      nan   2250  (61s)
     125    stacked_rbm  0.10    0.0440   0.0171   0.0755   2250  (63s)
     125    stacked_rbm  0.25    0.0447   0.0177   0.0797   2250  (63s)
      70  ladder_random  0.00    0.1013   0.0650      nan  28500  (67s)
      70  ladder_random  0.10    0.0997   0.0642   0.1193  27000  (71s)
      70  ladder_random  0.25    0.0993   0.0650   0.1177  27750  (71s)
      70    stacked_rbm  0.00    0.0883   0.0586      nan    750  (69s)
      70    stacked_rbm  0.10    0.0883   0.0587   0.1076    750  (71s)
      70    stacked_rbm  0.25    0.0883   0.0587   0.1107    750  (71s)
      35  ladder_random  0.00    0.2008   0.1716      nan  28500  (79s)
      35  ladder_random  0.10    0.1939   0.1646   0.2103  28500  (80s)
      35  ladder_random  0.25    0.1779   0.1476   0.1902  29250  (81s)
      35    stacked_rbm  0.00    0.1755   0.1473      nan    750  (79s)
      35    stacked_rbm  0.10    0.1760   0.1479   0.1868    750  (79s)
      35    stacked_rbm  0.25    0.1711   0.1410   0.1922  29250  (79s)

[markov seed=3]  preentrenando RBM...
      RBM 500->250  err_recon=0.0244  (2s)
      RBM 250->125  err_recon=0.0465  (2s)
      RBM 125-> 70  err_recon=0.0651  (2s)
      RBM  70-> 35  err_recon=0.0831  (2s)
       L           init     p       BER    top90  tapados  @step
     250  ladder_random  0.00    0.0136   0.0016      nan  30000  (52s)
     250  ladder_random  0.10    0.0142   0.0017   0.0742  29250  (53s)
     250  ladder_random  0.25    0.0216   0.0034   0.0734  28500  (53s)
     250    stacked_rbm  0.00    0.0108   0.0011      nan  30000  (52s)
     250    stacked_rbm  0.10    0.0119   0.0017   0.0653  29250  (53s)
     250    stacked_rbm  0.25    0.0173   0.0032   0.0677  29250  (54s)
     125  ladder_random  0.00    0.0461   0.0179      nan  29250  (61s)
     125  ladder_random  0.10    0.0441   0.0159   0.0728  28500  (63s)
     125  ladder_random  0.25    0.0464   0.0161   0.0765  30000  (63s)
     125    stacked_rbm  0.00    0.0446   0.0176      nan   2250  (61s)
     125    stacked_rbm  0.10    0.0447   0.0176   0.0776   2250  (62s)
     125    stacked_rbm  0.25    0.0454   0.0182   0.0813   2250  (63s)
      70  ladder_random  0.00    0.1025   0.0660      nan  27750  (69s)
      70  ladder_random  0.10    0.1021   0.0660   0.1214  27750  (70s)
      70  ladder_random  0.25    0.1003   0.0658   0.1181  29250  (71s)
      70    stacked_rbm  0.00    0.0889   0.0590      nan    750  (69s)
      70    stacked_rbm  0.10    0.0890   0.0592   0.1092    750  (71s)
      70    stacked_rbm  0.25    0.0890   0.0591   0.1121    750  (71s)
      35  ladder_random  0.00    0.1930   0.1634      nan  28500  (79s)
      35  ladder_random  0.10    0.1939   0.1643   0.2101  29250  (81s)
      35  ladder_random  0.25    0.1818   0.1514   0.1935  27750  (80s)
      35    stacked_rbm  0.00    0.1762   0.1502      nan    750  (79s)
      35    stacked_rbm  0.10    0.1755   0.1494   0.1866    750  (80s)
      35    stacked_rbm  0.25    0.1737   0.1472   0.1874    750  (81s)

[lowdim seed=0]  preentrenando RBM...
      RBM 500->250  err_recon=0.0537  (2s)
      RBM 250->125  err_recon=0.0505  (2s)
      RBM 125-> 70  err_recon=0.0525  (2s)
      RBM  70-> 35  err_recon=0.0716  (2s)
       L           init     p       BER    top90  tapados  @step
     250  ladder_random  0.00    0.0393   0.0109      nan  27750  (51s)
     250  ladder_random  0.10    0.0345   0.0077   0.1126  29250  (53s)
     250  ladder_random  0.25    0.0400   0.0110   0.1075  24750  (53s)
     250    stacked_rbm  0.00    0.0375   0.0097      nan  28500  (51s)
     250    stacked_rbm  0.10    0.0351   0.0080   0.1127  30000  (53s)
     250    stacked_rbm  0.25    0.0406   0.0114   0.1087  30000  (53s)
     125  ladder_random  0.00    0.0873   0.0520      nan  30000  (61s)
     125  ladder_random  0.10    0.0857   0.0503   0.1238  29250  (62s)
     125  ladder_random  0.25    0.0856   0.0502   0.1299  30000  (62s)
     125    stacked_rbm  0.00    0.0711   0.0364      nan  28500  (61s)
     125    stacked_rbm  0.10    0.0712   0.0365   0.1179  29250  (63s)
     125    stacked_rbm  0.25    0.0769   0.0418   0.1247  27000  (62s)
      70  ladder_random  0.00    0.1408   0.1069      nan  30000  (69s)
      70  ladder_random  0.10    0.1433   0.1096   0.1720  29250  (71s)
      70  ladder_random  0.25    0.1420   0.1082   0.1757  28500  (72s)
      70    stacked_rbm  0.00    0.1137   0.0787      nan  30000  (69s)
      70    stacked_rbm  0.10    0.1131   0.0780   0.1455  28500  (70s)
      70    stacked_rbm  0.25    0.1156   0.0806   0.1520  29250  (71s)
      35  ladder_random  0.00    0.2584   0.2343      nan  30000  (78s)
      35  ladder_random  0.10    0.2507   0.2257   0.2689  30000  (81s)
      35  ladder_random  0.25    0.2519   0.2270   0.2685  28500  (80s)
      35    stacked_rbm  0.00    0.1909   0.1607      nan   6000  (79s)
      35    stacked_rbm  0.10    0.1923   0.1622   0.2199  27750  (81s)
